#
# There is insufficient memory for the Java Runtime Environment to continue.
# Native memory allocation (mmap) failed to map 264241152 bytes for G1 virtual space
# Possible reasons:
#   The system is out of physical RAM or swap space
#   The process is running with CompressedOops enabled, and the Java Heap may be blocking the growth of the native heap
# Possible solutions:
#   Reduce memory load on the system
#   Increase physical memory or swap space
#   Check if swap backing store is full
#   Decrease Java heap size (-Xmx/-Xms)
#   Decrease number of Java threads
#   Decrease Java thread stack sizes (-Xss)
#   Set larger code cache with -XX:ReservedCodeCacheSize=
#   JVM is running with Zero Based Compressed Oops mode in which the Java heap is
#     placed in the first 32GB address space. The Java Heap base address is the
#     maximum limit for the native heap growth. Please use -XX:HeapBaseMinAddress
#     to set the Java Heap base and to place the Java Heap above 32GB virtual address.
# This output file may be truncated or incomplete.
#
#  Out of Memory Error (os_windows.cpp:3469), pid=10560, tid=9612
#
# JRE version:  (17.0.0.1+2) (build )
# Java VM: OpenJDK 64-Bit Server VM (17.0.0.1+2-3, mixed mode, sharing, tiered, compressed oops, compressed class ptrs, g1 gc, windows-amd64)
# No core dump will be written. Minidumps are not enabled by default on client versions of Windows
#

---------------  S U M M A R Y ------------

Command Line: -Dmaven.home=EMBEDDED -Dclassworlds.conf=C:\Users\srsad\eclipse-workspace\.metadata\.plugins\org.eclipse.m2e.launching\launches\m2conf6075847006780095686.tmp -Dmaven.multiModuleProjectDirectory=C:\Users\srsad\eclipse-workspace\PInventory -Dm2e.build.project.data.socket.port=52799 -Dfile.encoding=UTF-8 -Dstdout.encoding=UTF-8 -Dstderr.encoding=UTF-8 -XX:+ShowCodeDetailsInExceptionMessages org.codehaus.plexus.classworlds.launcher.Launcher -B -Dstyle.color=always clean

Host: Intel(R) Core(TM) i5-14400, 16 cores, 15G,  Windows 10 , 64 bit Build 26100 (10.0.26100.7920)
Time: Tue Mar 31 13:04:38 2026 India Standard Time elapsed time: 0.008821 seconds (0d 0h 0m 0s)

---------------  T H R E A D  ---------------

Current thread (0x000001feee4900e0):  JavaThread "Unknown thread" [_thread_in_vm, id=9612, stack(0x000000ab3c800000,0x000000ab3c900000)]

Stack: [0x000000ab3c800000,0x000000ab3c900000]
Native frames: (J=compiled Java code, j=interpreted, Vv=VM code, C=native code)
V  [jvm.dll+0x66f8ea]
V  [jvm.dll+0x7ce224]
V  [jvm.dll+0x7cf9ce]
V  [jvm.dll+0x7d0033]
V  [jvm.dll+0x242bb5]
V  [jvm.dll+0x66c909]
V  [jvm.dll+0x6613d2]
V  [jvm.dll+0x30082b]
V  [jvm.dll+0x307db6]
V  [jvm.dll+0x357a0e]
V  [jvm.dll+0x357c3f]
V  [jvm.dll+0x2d7ae8]
V  [jvm.dll+0x2d8a54]
V  [jvm.dll+0x7a00a1]
V  [jvm.dll+0x365781]
V  [jvm.dll+0x77f59c]
V  [jvm.dll+0x3e805f]
V  [jvm.dll+0x3e9b01]
C  [jli.dll+0x527b]
C  [ucrtbase.dll+0x37b0]
C  [KERNEL32.DLL+0x2e8d7]
C  [ntdll.dll+0x8c48c]


---------------  P R O C E S S  ---------------

Threads class SMR info:
_java_thread_list=0x00007ffb266b9818, length=0, elements={
}

Java Threads: ( => current thread )

Other Threads:
  0x000001feee4e1a10 GCTaskThread "GC Thread#0" [stack: 0x000000ab3c900000,0x000000ab3ca00000] [id=23464]
  0x000001feee4f4aa0 ConcurrentGCThread "G1 Main Marker" [stack: 0x000000ab3ca00000,0x000000ab3cb00000] [id=28788]
  0x000001feee4f5790 ConcurrentGCThread "G1 Conc#0" [stack: 0x000000ab3cb00000,0x000000ab3cc00000] [id=29168]

[error occurred during error reporting (printing all threads), id 0xc0000005, EXCEPTION_ACCESS_VIOLATION (0xc0000005) at pc=0x00007ffb25f084c7]

VM state: not at safepoint (not fully initialized)

VM Mutex/Monitor currently owned by a thread:  ([mutex/lock_event])
[0x000001feee48c0e0] Heap_lock - owner thread: 0x000001feee4900e0

Heap address: 0x0000000704e00000, size: 4018 MB, Compressed Oops mode: Zero based, Oop shift amount: 3

CDS archive(s) mapped at: [0x0000000000000000-0x0000000000000000-0x0000000000000000), size 0, SharedBaseAddress: 0x0000000800000000, ArchiveRelocationMode: 0.
Narrow klass base: 0x0000000000000000, Narrow klass shift: 0, Narrow klass range: 0x0

GC Precious Log:
<Empty>

Heap:
 garbage-first heap   total 0K, used 0K [0x0000000704e00000, 0x0000000800000000)
  region size 2048K, 0 young (0K), 0 survivors (0K)

[error occurred during error reporting (printing heap information), id 0xc0000005, EXCEPTION_ACCESS_VIOLATION (0xc0000005) at pc=0x00007ffb262e8c59]

GC Heap History (0 events):
No events

Deoptimization events (0 events):
No events

Classes unloaded (0 events):
No events

Classes redefined (0 events):
No events

Internal exceptions (0 events):
No events

VM Operations (0 events):
No events

Events (1 events):
Event: 0.005 Loaded shared library C:\Program Files\Java\jdk-17.0.0.1\bin\java.dll


Dynamic libraries:
0x00007ff62bc80000 - 0x00007ff62bc8e000 	C:\Program Files\Java\jdk-17.0.0.1\bin\javaw.exe
0x00007ffc10460000 - 0x00007ffc106c7000 	C:\Windows\SYSTEM32\ntdll.dll
0x00007ffc0fb20000 - 0x00007ffc0fbe9000 	C:\Windows\System32\KERNEL32.DLL
0x00007ffc0dd20000 - 0x00007ffc0e111000 	C:\Windows\System32\KERNELBASE.dll
0x00007ffc0d7d0000 - 0x00007ffc0d91b000 	C:\Windows\System32\ucrtbase.dll
0x00007ffbe2950000 - 0x00007ffbe2968000 	C:\Program Files\Java\jdk-17.0.0.1\bin\jli.dll
0x00007ffbe24b0000 - 0x00007ffbe24ca000 	C:\Program Files\Java\jdk-17.0.0.1\bin\VCRUNTIME140.dll
0x00007ffc0ef80000 - 0x00007ffc0f145000 	C:\Windows\System32\USER32.dll
0x00007ffc0e120000 - 0x00007ffc0e147000 	C:\Windows\System32\win32u.dll
0x00007ffc103f0000 - 0x00007ffc1041b000 	C:\Windows\System32\GDI32.dll
0x00007ffbf2ef0000 - 0x00007ffbf3183000 	C:\Windows\WinSxS\amd64_microsoft.windows.common-controls_6595b64144ccf1df_6.0.26100.8037_none_3e092faae333b53b\COMCTL32.dll
0x00007ffc0d920000 - 0x00007ffc0da4b000 	C:\Windows\System32\gdi32full.dll
0x00007ffc0fcd0000 - 0x00007ffc0fd79000 	C:\Windows\System32\msvcrt.dll
0x00007ffc0ceb0000 - 0x00007ffc0cf53000 	C:\Windows\System32\msvcp_win.dll
0x00007ffc0e200000 - 0x00007ffc0e231000 	C:\Windows\System32\IMM32.DLL
0x000000005b620000 - 0x000000005b62c000 	C:\Program Files (x86)\360\Total Security\safemon\SafeWrapper.dll
0x00007ffc0e240000 - 0x00007ffc0e2fb000 	C:\Windows\System32\ADVAPI32.dll
0x00007ffc0e750000 - 0x00007ffc0e7f7000 	C:\Windows\System32\sechost.dll
0x00007ffc0e390000 - 0x00007ffc0e4a8000 	C:\Windows\System32\RPCRT4.dll
0x00007ffb7ea60000 - 0x00007ffb7eb0c000 	C:\Program Files (x86)\360\Total Security\safemon\libzdtp64.dll
0x00007ffc0e800000 - 0x00007ffc0ef5f000 	C:\Windows\System32\SHELL32.dll
0x00007ffc0cd40000 - 0x00007ffc0ceaa000 	C:\Windows\System32\wintypes.dll
0x00007ffc0f150000 - 0x00007ffc0f4d2000 	C:\Windows\System32\combase.dll
0x00007ffc0f850000 - 0x00007ffc0f8b7000 	C:\Windows\System32\SHLWAPI.dll
0x00007ffc0cf60000 - 0x00007ffc0d7c4000 	C:\Windows\System32\Windows.Storage.dll
0x00007ffc0c660000 - 0x00007ffc0c66b000 	C:\Windows\SYSTEM32\VERSION.dll
0x00007ffbfd850000 - 0x00007ffbfd85c000 	C:\Program Files\Java\jdk-17.0.0.1\bin\vcruntime140_1.dll
0x00007ffbc8e70000 - 0x00007ffbc8efd000 	C:\Program Files\Java\jdk-17.0.0.1\bin\msvcp140.dll
0x00007ffb25c20000 - 0x00007ffb267e0000 	C:\Program Files\Java\jdk-17.0.0.1\bin\server\jvm.dll
0x00007ffc0fcc0000 - 0x00007ffc0fcc8000 	C:\Windows\System32\PSAPI.DLL
0x00007ffbf8590000 - 0x00007ffbf859a000 	C:\Windows\SYSTEM32\WSOCK32.dll
0x00007ffc04210000 - 0x00007ffc04245000 	C:\Windows\SYSTEM32\WINMM.dll
0x00007ffc0f4e0000 - 0x00007ffc0f554000 	C:\Windows\System32\WS2_32.dll
0x00007ffc0ba20000 - 0x00007ffc0ba3b000 	C:\Windows\SYSTEM32\kernel.appcore.dll
0x00007ffbfba50000 - 0x00007ffbfba5a000 	C:\Program Files\Java\jdk-17.0.0.1\bin\jimage.dll
0x00007ffc0aac0000 - 0x00007ffc0ad02000 	C:\Windows\SYSTEM32\DBGHELP.DLL
0x00007ffc0f6f0000 - 0x00007ffc0f7c7000 	C:\Windows\System32\OLEAUT32.dll
0x00007ffbf0ac0000 - 0x00007ffbf0afb000 	C:\Windows\SYSTEM32\dbgcore.DLL
0x00007ffc0e150000 - 0x00007ffc0e1f5000 	C:\Windows\System32\bcryptPrimitives.dll
0x00007ffbce990000 - 0x00007ffbce9b5000 	C:\Program Files\Java\jdk-17.0.0.1\bin\java.dll

dbghelp: loaded successfully - version: 4.0.5 - missing functions: none
symbol engine: initialized successfully - sym options: 0x614 - pdb path: .;C:\Program Files\Java\jdk-17.0.0.1\bin;C:\Windows\SYSTEM32;C:\Windows\WinSxS\amd64_microsoft.windows.common-controls_6595b64144ccf1df_6.0.26100.8037_none_3e092faae333b53b;C:\Program Files (x86)\360\Total Security\safemon;C:\Program Files\Java\jdk-17.0.0.1\bin\server

VM Arguments:
jvm_args: -Dmaven.home=EMBEDDED -Dclassworlds.conf=C:\Users\srsad\eclipse-workspace\.metadata\.plugins\org.eclipse.m2e.launching\launches\m2conf6075847006780095686.tmp -Dmaven.multiModuleProjectDirectory=C:\Users\srsad\eclipse-workspace\PInventory -Dm2e.build.project.data.socket.port=52799 -Dfile.encoding=UTF-8 -Dstdout.encoding=UTF-8 -Dstderr.encoding=UTF-8 -XX:+ShowCodeDetailsInExceptionMessages 
java_command: org.codehaus.plexus.classworlds.launcher.Launcher -B -Dstyle.color=always clean
java_class_path (initial): C:\Users\srsad\.p2\pool\plugins\org.eclipse.m2e.maven.runtime_3.9.900.20250220-2013\jars\plexus-classworlds-2.8.0.jar
Launcher Type: SUN_STANDARD

[Global flags]
     intx CICompilerCount                          = 12                                        {product} {ergonomic}
     uint ConcGCThreads                            = 3                                         {product} {ergonomic}
     uint G1ConcRefinementThreads                  = 13                                        {product} {ergonomic}
   size_t G1HeapRegionSize                         = 2097152                                   {product} {ergonomic}
    uintx GCDrainStackTargetSize                   = 64                                        {product} {ergonomic}
   size_t InitialHeapSize                          = 264241152                                 {product} {ergonomic}
   size_t MarkStackSize                            = 4194304                                   {product} {ergonomic}
   size_t MaxHeapSize                              = 4213178368                                {product} {ergonomic}
   size_t MinHeapDeltaBytes                        = 2097152                                   {product} {ergonomic}
   size_t MinHeapSize                              = 8388608                                   {product} {ergonomic}
    uintx NonNMethodCodeHeapSize                   = 7602480                                {pd product} {ergonomic}
    uintx NonProfiledCodeHeapSize                  = 122027880                              {pd product} {ergonomic}
    uintx ProfiledCodeHeapSize                     = 122027880                              {pd product} {ergonomic}
    uintx ReservedCodeCacheSize                    = 251658240                              {pd product} {ergonomic}
     bool SegmentedCodeCache                       = true                                      {product} {ergonomic}
     bool ShowCodeDetailsInExceptionMessages       = true                                   {manageable} {command line}
   size_t SoftMaxHeapSize                          = 4213178368                             {manageable} {ergonomic}
     bool UseCompressedClassPointers               = true                           {product lp64_product} {ergonomic}
     bool UseCompressedOops                        = true                           {product lp64_product} {ergonomic}
     bool UseG1GC                                  = true                                      {product} {ergonomic}
     bool UseLargePagesIndividualAllocation        = false                                  {pd product} {ergonomic}

Logging:
Log output configuration:
 #0: stdout all=warning uptime,level,tags
 #1: stderr all=off uptime,level,tags

Environment Variables:
JAVA_HOME=C:\Program Files\Java\jdk-17.0.0.1
PATH=C:/Users/srsad/.p2/pool/plugins/org.eclipse.justj.openjdk.hotspot.jre.full.win32.x86_64_21.0.8.v20250724-1412/jre/bin/server;C:/Users/srsad/.p2/pool/plugins/org.eclipse.justj.openjdk.hotspot.jre.full.win32.x86_64_21.0.8.v20250724-1412/jre/bin;C:\Program Files\Common Files\Oracle\Java\javapath;C:\Program Files\Java\jdk-17.0.0.1;C:\Program Files (x86)\Common Files\Oracle\Java\javapath;C:\Windows\system32;C:\Windows;C:\Windows\System32\Wbem;C:\Windows\System32\WindowsPowerShell\v1.0\;C:\Windows\System32\OpenSSH\;C:\Program Files\dotnet\;C:\Program Files\Java\jdk-17.0.0.1\bin;C:\Program Files\Microsoft SQL Server\150\Tools\Binn\;C:\Program Files\Microsoft SQL Server\Client SDK\ODBC\170\Tools\Binn\;C:\Program Files\Git\cmd;C:\Program Files\Maven\apache-maven-3.9.11\bin\bin\bin;C:\Program Files\Maven\apache-maven-3.9.11\bin;C:\Program Files\MySQL\MySQL Shell 8.0\bin\;C:\Users\srsad\AppData\Local\Microsoft\WindowsApps;C:\Users\srsad\.dotnet\tools;C:\Program Files\JetBrains\IntelliJ IDEA Community Edition 2025.2.3\bin;C:\Users\srsad\AppData\Local\JetBrains\Toolbox\scripts;;C:\Windows\system32;
USERNAME=srsad
OS=Windows_NT
PROCESSOR_IDENTIFIER=Intel64 Family 6 Model 191 Stepping 2, GenuineIntel



---------------  S Y S T E M  ---------------

OS:
 Windows 10 , 64 bit Build 26100 (10.0.26100.7920)
OS uptime: 0 days 2:02 hours
Hyper-V role detected

CPU: total 16 (initial active 16) (8 cores per cpu, 2 threads per core) family 6 model 191 stepping 2 microcode 0x3e, cx8, cmov, fxsr, ht, mmx, 3dnowpref, sse, sse2, sse3, ssse3, sse4.1, sse4.2, popcnt, lzcnt, tsc, tscinvbit, avx, avx2, aes, erms, clmul, bmi1, bmi2, adx, sha, fma, vzeroupper, clflush, clflushopt, clwb, hv

Memory: 4k page, system-wide physical 16070M (1558M free)
TotalPageFile size 19437M (AvailPageFile size 34M)
current process WorkingSet (physical memory assigned to process): 14M, peak: 14M
current process commit charge ("private bytes"): 71M, peak: 323M

vm_info: OpenJDK 64-Bit Server VM (17.0.0.1+2-3) for windows-amd64 JRE (17.0.0.1+2-3), built on May  8 2024 19:05:00 by "mach5one" with MS VC++ 16.8 (VS2019)

END.
